// Jest Snapshot v1, https://goo.gl/fbAQLP

exports[`CreateEvent renders correctly 1`] = `
<DocumentFragment>
  <div
    class="background"
  >
    <div
      class="default"
    >
      Create Event
    </div>
    <form>
      <div
        class="field1"
      >
        <div>
          <div
            class="field"
          >
            <label
              class="label"
              for="Event Name"
            >
              Event Name
              <input
                class="input"
                id="Event Name"
                name="Event Name"
                type="text"
                value=""
              />
            </label>
          </div>
          <div
            class="field"
          >
            <label
              class="label"
              for="Date"
            >
              Date
              <input
                class="input"
                id="Date"
                name="Date"
                type="text"
                value=""
              />
            </label>
          </div>
          <div
            class="splitInput"
          >
            <div
              class="field"
            >
              <label
                class="label"
                for="Start"
              >
                Start
                <input
                  class="input"
                  id="Start"
                  name="Start"
                  type="text"
                  value=""
                />
              </label>
            </div>
            <div
              class="field"
            >
              <label
                class="label"
                for="End"
              >
                End
                <input
                  class="input"
                  id="End"
                  name="End"
                  type="text"
                  value=""
                />
              </label>
            </div>
          </div>
          <div
            class="field"
          >
            <label
              class="label"
              for="Location"
            >
              Location
              <input
                class="input"
                id="Location"
                name="Location"
                type="text"
                value=""
              />
            </label>
          </div>
          <div
            class="field"
          >
            <label
              class="label"
              for="Invite"
            >
              Invite
              <input
                class="input"
                id="Invite"
                name="Invite"
                type="text"
                value=""
              />
            </label>
          </div>
        </div>
      </div>
      <button
        class="createEvent"
      >
        Create Event
      </button>
    </form>
    <img
      alt="girl floating"
      class="img"
      src="float.svg"
    />
  </div>
</DocumentFragment>
`;
