// Jest Snapshot v1, https://goo.gl/fbAQLP

exports[`Splash renders correctly 1`] = `
<DocumentFragment>
  <div
    class="background"
  >
    <div
      class="splash__title"
    >
      Playdate
    </div>
    <div
      class="text"
    >
      Scheduler for parents
    </div>
    <img
      alt="girl on a swing"
      src="swinging.svg"
    />
    <button
      class="signIn"
    >
      Sign In
    </button>
    <button
      class="signUp"
    >
      Sign Up
    </button>
  </div>
</DocumentFragment>
`;
